2026-07-26 22:02:37 | INFO | M04 | === RUN START ===
2026-07-26 22:02:37 | INFO | M04 | project=M04
2026-07-26 22:02:37 | INFO | M04 | repo_dir=ml-04-regression-hanson
2026-07-26 22:02:37 | INFO | M04 | python=3.14.3
2026-07-26 22:02:37 | INFO | M04 | os=Windows 11
2026-07-26 22:02:37 | INFO | M04 | shell=powershell
2026-07-26 22:02:37 | INFO | M04 | cwd=notebooks
2026-07-26 22:02:37 | INFO | M04 | github_actions=False
2026-07-26 22:02:37 | INFO | M04 | Confirming installation:
2026-07-26 22:02:37 | INFO | M04 |   python:       3.14.3
2026-07-26 22:02:37 | INFO | M04 |   pandas:       3.0.5
2026-07-26 22:02:38 | INFO | M04 |   numpy:        2.5.1
2026-07-26 22:02:38 | INFO | M04 |   scikit-learn: 1.9.0
2026-07-26 22:02:38 | INFO | M04 |   seaborn:      0.13.2
2026-07-26 22:02:38 | INFO | M04 |   matplotlib:   3.11.1
2026-07-26 22:02:45 | INFO | M04 | Loading dataset: penguins
2026-07-26 22:09:53 | INFO | M04 | === RUN START ===
2026-07-26 22:09:53 | INFO | M04 | project=M04
2026-07-26 22:09:53 | INFO | M04 | repo_dir=ml-04-regression-hanson
2026-07-26 22:09:53 | INFO | M04 | python=3.14.3
2026-07-26 22:09:53 | INFO | M04 | os=Windows 11
2026-07-26 22:09:53 | INFO | M04 | shell=powershell
2026-07-26 22:09:53 | INFO | M04 | cwd=notebooks
2026-07-26 22:09:53 | INFO | M04 | github_actions=False
2026-07-26 22:09:53 | INFO | M04 | Confirming installation:
2026-07-26 22:09:53 | INFO | M04 |   python:       3.14.3
2026-07-26 22:09:53 | INFO | M04 |   pandas:       3.0.5
2026-07-26 22:09:53 | INFO | M04 |   numpy:        2.5.1
2026-07-26 22:09:53 | INFO | M04 |   scikit-learn: 1.9.0
2026-07-26 22:09:53 | INFO | M04 |   seaborn:      0.13.2
2026-07-26 22:09:53 | INFO | M04 |   matplotlib:   3.11.1
2026-07-26 22:09:58 | INFO | M04 | Loading dataset: penguins
2026-07-26 22:09:58 | INFO | M04 | Loaded: 344 rows (instances), 7 columns
2026-07-26 22:09:58 | INFO | M04 | Original rows: 344  Model rows: 342
2026-07-26 22:09:59 | INFO | M04 | Train instances: 273
2026-07-26 22:09:59 | INFO | M04 | Test instances: 69
2026-07-26 22:10:00 | INFO | M04 | Fitting a linear regression (scikit-learn)
2026-07-26 22:10:00 | INFO | M04 | Fitted line: body_mass_g = 48.8297 * flipper_length_mm + -5614.07
2026-07-26 22:10:01 | INFO | M04 | Fit numbers on the TEST set (for you to interpret):
2026-07-26 22:10:01 | INFO | M04 |   R-squared: 0.7820
2026-07-26 22:10:01 | INFO | M04 |   RMSE:      380.695  (in units of Body mass (g))
2026-07-26 22:10:07 | DEBUG | M04 |   degree= 1  train RMSE=396.474  test RMSE=380.695
2026-07-26 22:10:07 | DEBUG | M04 |   degree= 2  train RMSE=378.915  test RMSE=384.983
2026-07-26 22:10:07 | DEBUG | M04 |   degree= 3  train RMSE=373.966  test RMSE=385.441
2026-07-26 22:10:07 | DEBUG | M04 |   degree= 4  train RMSE=371.674  test RMSE=388.38
2026-07-26 22:10:07 | DEBUG | M04 |   degree= 5  train RMSE=371.609  test RMSE=389.321
2026-07-26 22:10:07 | DEBUG | M04 |   degree= 6  train RMSE=371.408  test RMSE=390.954
2026-07-26 22:10:07 | DEBUG | M04 |   degree= 7  train RMSE=370.732  test RMSE=389.535
2026-07-26 22:10:07 | DEBUG | M04 |   degree= 8  train RMSE=370.598  test RMSE=390.561
2026-07-26 22:10:07 | DEBUG | M04 |   degree= 9  train RMSE=370.542  test RMSE=390.554
2026-07-26 22:10:07 | DEBUG | M04 |   degree=10  train RMSE=370.547  test RMSE=390.545
2026-07-26 22:10:09 | INFO | M04 | ========================
2026-07-26 22:10:09 | INFO | M04 | SUMMARY
2026-07-26 22:10:09 | INFO | M04 | ========================
2026-07-26 22:10:09 | INFO | M04 | Dataset:  penguins
2026-07-26 22:10:09 | INFO | M04 | Feature:  flipper_length_mm  ->  Target: body_mass_g  (regression)
2026-07-26 22:10:09 | INFO | M04 | Line:     body_mass_g = 48.8297 * flipper_length_mm + -5614.07
2026-07-26 22:10:09 | INFO | M04 | ========================
2026-07-26 22:10:29 | INFO | ML | === RUN START ===
2026-07-26 22:10:29 | INFO | ML | project=ML
2026-07-26 22:10:29 | INFO | ML | repo_dir=ml-04-regression-hanson
2026-07-26 22:10:29 | INFO | ML | python=3.14.3
2026-07-26 22:10:29 | INFO | ML | os=Windows 11
2026-07-26 22:10:29 | INFO | ML | shell=powershell
2026-07-26 22:10:29 | INFO | ML | cwd=.
2026-07-26 22:10:29 | INFO | ML | github_actions=False
2026-07-26 22:10:29 | INFO | ML | === RUN START ===
2026-07-26 22:10:29 | INFO | ML | project=ML
2026-07-26 22:10:29 | INFO | ML | repo_dir=ml-04-regression-hanson
2026-07-26 22:10:29 | INFO | ML | python=3.14.3
2026-07-26 22:10:29 | INFO | ML | os=Windows 11
2026-07-26 22:10:29 | INFO | ML | shell=powershell
2026-07-26 22:10:29 | INFO | ML | cwd=.
2026-07-26 22:10:29 | INFO | ML | github_actions=False
2026-07-26 22:10:29 | INFO | ML | ========================
2026-07-26 22:10:29 | INFO | ML | START main()
2026-07-26 22:10:29 | INFO | ML | ========================
2026-07-26 22:10:29 | INFO | ML | Load dataset..............
2026-07-26 22:10:29 | INFO | ML | Loading dataset: hours_scores_case
2026-07-26 22:10:29 | INFO | ML | Loaded: 10 rows, 6 columns
2026-07-26 22:10:29 | DEBUG | ML | 
   hours_studied  practice_quizzes  attendance_pct  sleep_hours  prior_score  score
0            2.0                 1              72          6.0           58     62
1            3.5                 2              80          6.5           61     68
2            4.0                 3              85          7.0           64     72
3            5.0                 3              88          7.5           66     76
4            6.0                 4              90          7.0           70     81
2026-07-26 22:10:29 | INFO | ML | Inspect dataset...........
2026-07-26 22:10:29 | INFO | ML | Column names
2026-07-26 22:10:29 | DEBUG | ML | ['hours_studied', 'practice_quizzes', 'attendance_pct', 'sleep_hours', 'prior_score', 'score']
2026-07-26 22:10:29 | INFO | ML | DataFrame info
2026-07-26 22:10:29 | INFO | ML | Dataset shape: 10 rows, 6 columns
2026-07-26 22:10:29 | INFO | ML | Check data quality........
2026-07-26 22:10:29 | INFO | ML | Missing values by column
2026-07-26 22:10:29 | DEBUG | ML | 
hours_studied       0
practice_quizzes    0
attendance_pct      0
sleep_hours         0
prior_score         0
score               0
dtype: int64
2026-07-26 22:10:29 | INFO | ML | Duplicate row count: 0
2026-07-26 22:10:29 | INFO | ML | Create clean view.........
2026-07-26 22:10:29 | INFO | ML | Creating clean modeling view
2026-07-26 22:10:29 | INFO | ML | Clean view: 10 rows, 6 columns
2026-07-26 22:10:29 | INFO | ML | Train supervised model....
2026-07-26 22:10:29 | INFO | ML | Training LinearRegression model
2026-07-26 22:10:29 | INFO | ML | Mean absolute error: 0.48
2026-07-26 22:10:29 | INFO | ML | R-squared: 1.00
2026-07-26 22:10:29 | INFO | ML | Predict one case..........
2026-07-26 22:10:29 | INFO | ML | Predicting one new case
2026-07-26 22:10:29 | INFO | ML | New case:
   hours_studied  practice_quizzes  attendance_pct  sleep_hours  prior_score
0            6.5                 4              92          7.0           72
2026-07-26 22:10:29 | INFO | ML | Predicted score: 83.4
2026-07-26 22:10:29 | INFO | ML | Create charts.............
2026-07-26 22:10:29 | INFO | ML | Creating chart: hours studied vs score
2026-07-26 22:10:30 | INFO | ML | Creating chart: model coefficients
2026-07-26 22:10:30 | INFO | ML | Got a figure Figure(900x500) and axes Axes(0.125,0.11;0.775x0.77) from plt.subplots().
2026-07-26 22:10:30 | INFO | ML | Summarize workflow........
2026-07-26 22:10:30 | INFO | ML | ========================
2026-07-26 22:10:30 | INFO | ML | SUMMARY
2026-07-26 22:10:30 | INFO | ML | ========================
2026-07-26 22:10:30 | INFO | ML | Dataset: hours_scores_case
2026-07-26 22:10:30 | INFO | ML | Original rows: 10
2026-07-26 22:10:30 | INFO | ML | Clean rows: 10
2026-07-26 22:10:30 | INFO | ML | Features: ['hours_studied', 'practice_quizzes', 'attendance_pct', 'sleep_hours', 'prior_score']
2026-07-26 22:10:30 | INFO | ML | Target: score
2026-07-26 22:10:30 | INFO | ML | ----- in a script, call plt.show() once at the end to display all charts -----
2026-07-26 22:10:30 | INFO | ML | ----- in a script, CLOSE the chart windows with the close button to CONTINUE -----
